// Jest Snapshot v1, https://goo.gl/fbAQLP

exports[`App.vue should match snapshot 1`] = `
<div>
  <button>
    Add Movie
  </button>
   
  <listmovie-stub
    movies=""
  />
   
  <!---->
</div>
`;
